
Map of Debug\stm8l10x.sm8 from link file Debug\stm8l10x.lkf - Sun Nov 01 09:55:41 2015


                               --------
                               Segments
                               --------

start 00008080 end 000080ad length    45 segment .const
start 000080e6 end 00008bc9 length  2787 segment .text
start 00000000 end 00000029 length    41 segment .bsct, initialized
start 000080ba end 000080e3 length    41 segment .bsct, from
start 00000029 end 00000043 length    26 segment .ubsct
start 000043:0 end 000045:1 length    17 segment .bit, initialized
start 000080e3 end 000080e6 length     3 segment .bit, from
start 00000046 end 00000046 length     0 segment .share
start 00000100 end 00000100 length     0 segment .data
start 00000100 end 00000100 length     0 segment .bss
start 00000000 end 00000d89 length  3465 segment .info.
start 00000000 end 0000d315 length 54037 segment .debug
start 00008000 end 00008080 length   128 segment .const
start 000080ad end 000080ba length    13 segment .init


                               -------
                               Modules
                               -------

C:\Program Files (x86)\COSMIC\CXSTM8_32K\lib\crtsi0.sm8:
start 000080e6 end 00008136 length    80 section .text
start 00000100 end 00000100 length     0 section .bss
start 00000029 end 00000029 length     0 section .ubsct
start 00000000 end 0000002f length    47 section .info.

Debug\config.o:
start 00000000 end 000000b2 length   178 section .debug
start 0000002f end 000000c6 length   151 section .info.
start 00008136 end 000081bc length   134 section .text

Debug\errors.o:
start 00000029 end 0000002b length     2 section .ubsct
start 000000b2 end 00000437 length   901 section .debug
start 000000c6 end 0000015d length   151 section .info.
start 00008080 end 00008081 length     1 section .const
start 000081bc end 000081cf length    19 section .text
start 000081cf end 000081f8 length    41 section .text
start ******** end ******** length     0 section .text *** removed ***
start 000081f8 end 000081fd length     5 section .text
start 000081fd end 00008214 length    23 section .text
start ******** end ******** length     0 section .text *** removed ***

Debug\main.o:
start 00000000 end 0000000d length    13 section .bsct
start 0000002b end 00000037 length    12 section .ubsct
start 00000437 end 00000d63 length  2348 section .debug
start 0000015d end 000001f2 length   149 section .info.
start 000043:0 end 000044:0 length     8 section .bit
start 00008081 end 000080ad length    44 section .const
start 00008214 end 000082cd length   185 section .text
start 000082cd end 0000846a length   413 section .text
start 0000846a end 0000849a length    48 section .text
start 0000849a end 00008541 length   167 section .text
start 00008541 end 00008557 length    22 section .text
start 00008557 end 00008601 length   170 section .text
start 00008601 end 00008639 length    56 section .text
start 00008639 end 0000866f length    54 section .text
start 0000866f end 0000869e length    47 section .text
start 0000869e end 0000871b length   125 section .text
start 0000871b end 000087b2 length   151 section .text
start 000087b2 end 00008895 length   227 section .text
start ******** end ******** length     0 section .text *** removed ***

Debug\rtms.o:
start 00000037 end 0000003d length     6 section .ubsct
start 00000d63 end 00000e2c length   201 section .debug
start 000001f2 end 00000287 length   149 section .info.

Debug\stm8l10x_it.o:
start 0000000d end 0000001d length    16 section .bsct
start 00000e2c end 000017cb length  2463 section .debug
start 00000287 end 00000323 length   156 section .info.
start 000044:0 end 000044:6 length     6 section .bit
start 00008895 end 00008896 length     1 section .text
start 00008896 end 00008898 length     2 section .text
start 00008898 end 00008a4c length   436 section .text
start 00008a4c end 00008a4d length     1 section .text
start 00008a4d end 00008a4e length     1 section .text
start 00008a4e end 00008a4f length     1 section .text
start 00008a4f end 00008a50 length     1 section .text
start 00008a50 end 00008a51 length     1 section .text
start 00008a51 end 00008a52 length     1 section .text
start 00008a52 end 00008a53 length     1 section .text
start 00008a53 end 00008a54 length     1 section .text
start 00008a54 end 00008a55 length     1 section .text
start 00008a55 end 00008a56 length     1 section .text
start 00008a56 end 00008a57 length     1 section .text
start 00008a57 end 00008a58 length     1 section .text
start 00008a58 end 00008a59 length     1 section .text
start 00008a59 end 00008a5a length     1 section .text
start 00008a5a end 00008a5b length     1 section .text
start 00008a5b end 00008a5c length     1 section .text
start 00008a5c end 00008a5d length     1 section .text
start 00008a5d end 00008a5e length     1 section .text
start 00008a5e end 00008a5f length     1 section .text
start 00008a5f end 00008a60 length     1 section .text
start 00008a60 end 00008a61 length     1 section .text

Debug\timeout.o:
start 0000001d end 00000029 length    12 section .bsct
start 000017cb end 00001c70 length  1189 section .debug
start 00000323 end 000003bb length   152 section .info.
start 000044:6 end 000045:1 length     3 section .bit
start 00008a61 end 00008a6b length    10 section .text
start ******** end ******** length     0 section .text *** removed ***
start 00008a6b end 00008a75 length    10 section .text
start 00008a75 end 00008a7f length    10 section .text
start ******** end ******** length     0 section .text *** removed ***
start 00008a7f end 00008a89 length    10 section .text
start 00008a89 end 00008a93 length    10 section .text
start ******** end ******** length     0 section .text *** removed ***
start 00008a93 end 00008a9d length    10 section .text

Debug\stm8l10x_clk.o:
start 00001c70 end 0000228d length  1565 section .debug
start 000003bb end 00000458 length   157 section .info.
start ******** end ******** length     0 section .const *** removed ***
start ******** end ******** length     0 section .text *** removed ***
start ******** end ******** length     0 section .text *** removed ***
start 00008a9d end 00008ab3 length    22 section .text
start ******** end ******** length     0 section .text *** removed ***
start ******** end ******** length     0 section .text *** removed ***
start ******** end ******** length     0 section .text *** removed ***

Debug\stm8l10x_exti.o:
start 0000228d end 00002beb length  2398 section .debug
start 00000458 end 000004f6 length   158 section .info.
start ******** end ******** length     0 section .text *** removed ***
start ******** end ******** length     0 section .text *** removed ***
start ******** end ******** length     0 section .text *** removed ***
start ******** end ******** length     0 section .text *** removed ***
start ******** end ******** length     0 section .text *** removed ***
start ******** end ******** length     0 section .text *** removed ***
start ******** end ******** length     0 section .text *** removed ***
start ******** end ******** length     0 section .text *** removed ***
start ******** end ******** length     0 section .text *** removed ***

Debug\stm8l10x_flash.o:
start 00002beb end 00003707 length  2844 section .debug
start 000004f6 end 00000595 length   159 section .info.
start ******** end ******** length     0 section .text *** removed ***
start ******** end ******** length     0 section .text *** removed ***
start ******** end ******** length     0 section .text *** removed ***
start 00008ab3 end 00008ad0 length    29 section .text
start 00008ad0 end 00008ad7 length     7 section .text
start 00008ad7 end 00008adf length     8 section .text
start ******** end ******** length     0 section .text *** removed ***
start ******** end ******** length     0 section .text *** removed ***
start ******** end ******** length     0 section .text *** removed ***
start ******** end ******** length     0 section .text *** removed ***
start ******** end ******** length     0 section .text *** removed ***
start ******** end ******** length     0 section .text *** removed ***
start ******** end ******** length     0 section .text *** removed ***
start ******** end ******** length     0 section .text *** removed ***
start ******** end ******** length     0 section .text *** removed ***
start ******** end ******** length     0 section .text *** removed ***
start ******** end ******** length     0 section .text *** removed ***

Debug\stm8l10x_gpio.o:
start 00003707 end 00004248 length  2881 section .debug
start 00000595 end 00000633 length   158 section .info.
start ******** end ******** length     0 section .text *** removed ***
start 00008adf end 00008b2d length    78 section .text
start ******** end ******** length     0 section .text *** removed ***
start ******** end ******** length     0 section .text *** removed ***
start ******** end ******** length     0 section .text *** removed ***
start ******** end ******** length     0 section .text *** removed ***
start ******** end ******** length     0 section .text *** removed ***
start ******** end ******** length     0 section .text *** removed ***
start ******** end ******** length     0 section .text *** removed ***
start ******** end ******** length     0 section .text *** removed ***
start ******** end ******** length     0 section .text *** removed ***
start ******** end ******** length     0 section .text *** removed ***

Debug\stm8l10x_itc.o:
start 00004248 end 00004837 length  1519 section .debug
start 00000633 end 000006d0 length   157 section .info.
start ******** end ******** length     0 section .text *** removed ***
start ******** end ******** length     0 section .text *** removed ***
start ******** end ******** length     0 section .text *** removed ***
start ******** end ******** length     0 section .const *** removed ***
start ******** end ******** length     0 section .text *** removed ***
start ******** end ******** length     0 section .text *** removed ***

Debug\stm8l10x_iwdg.o:
start 00004837 end 00004bdc length   933 section .debug
start 000006d0 end 0000076e length   158 section .info.
start 00008b2d end 00008b31 length     4 section .text
start 00008b31 end 00008b35 length     4 section .text
start 00008b35 end 00008b39 length     4 section .text
start 00008b39 end 00008b3e length     5 section .text
start 00008b3e end 00008b43 length     5 section .text

Debug\stm8l10x_rst.o:
start 00004bdc end 00004e35 length   601 section .debug
start 0000076e end 0000080b length   157 section .info.
start 00008b43 end 00008b4b length     8 section .text
start 00008b4b end 00008b4f length     4 section .text
start ******** end ******** length     0 section .text *** removed ***

Debug\stm8l10x_spi.o:
start 00004e35 end 00005a8e length  3161 section .debug
start 0000080b end 000008a8 length   157 section .info.
start ******** end ******** length     0 section .text *** removed ***
start ******** end ******** length     0 section .text *** removed ***
start ******** end ******** length     0 section .text *** removed ***
start ******** end ******** length     0 section .text *** removed ***
start ******** end ******** length     0 section .text *** removed ***
start ******** end ******** length     0 section .text *** removed ***
start ******** end ******** length     0 section .text *** removed ***
start ******** end ******** length     0 section .text *** removed ***
start ******** end ******** length     0 section .text *** removed ***
start ******** end ******** length     0 section .text *** removed ***
start ******** end ******** length     0 section .text *** removed ***
start ******** end ******** length     0 section .text *** removed ***

Debug\stm8l10x_tim2.o:
start 00005a8e end 00008db5 length 13095 section .debug
start 000008a8 end 00000946 length   158 section .info.
start ******** end ******** length     0 section .text *** removed ***
start 00008b4f end 00008b6f length    32 section .text
start ******** end ******** length     0 section .text *** removed ***
start ******** end ******** length     0 section .text *** removed ***
start ******** end ******** length     0 section .text *** removed ***
start ******** end ******** length     0 section .text *** removed ***
start ******** end ******** length     0 section .text *** removed ***
start 00008b6f end 00008b7c length    13 section .text
start ******** end ******** length     0 section .text *** removed ***
start ******** end ******** length     0 section .text *** removed ***
start ******** end ******** length     0 section .text *** removed ***
start ******** end ******** length     0 section .text *** removed ***
start ******** end ******** length     0 section .text *** removed ***
start ******** end ******** length     0 section .text *** removed ***
start ******** end ******** length     0 section .text *** removed ***
start ******** end ******** length     0 section .text *** removed ***
start ******** end ******** length     0 section .text *** removed ***
start ******** end ******** length     0 section .text *** removed ***
start ******** end ******** length     0 section .text *** removed ***
start ******** end ******** length     0 section .text *** removed ***
start ******** end ******** length     0 section .text *** removed ***
start ******** end ******** length     0 section .text *** removed ***
start ******** end ******** length     0 section .text *** removed ***
start ******** end ******** length     0 section .text *** removed ***
start ******** end ******** length     0 section .text *** removed ***
start ******** end ******** length     0 section .text *** removed ***
start ******** end ******** length     0 section .text *** removed ***
start ******** end ******** length     0 section .text *** removed ***
start ******** end ******** length     0 section .text *** removed ***
start ******** end ******** length     0 section .text *** removed ***
start ******** end ******** length     0 section .text *** removed ***
start ******** end ******** length     0 section .text *** removed ***
start ******** end ******** length     0 section .text *** removed ***
start ******** end ******** length     0 section .text *** removed ***
start ******** end ******** length     0 section .text *** removed ***
start ******** end ******** length     0 section .text *** removed ***
start ******** end ******** length     0 section .text *** removed ***
start ******** end ******** length     0 section .text *** removed ***
start ******** end ******** length     0 section .text *** removed ***
start ******** end ******** length     0 section .text *** removed ***
start ******** end ******** length     0 section .text *** removed ***
start ******** end ******** length     0 section .text *** removed ***
start ******** end ******** length     0 section .text *** removed ***
start ******** end ******** length     0 section .text *** removed ***
start ******** end ******** length     0 section .text *** removed ***
start ******** end ******** length     0 section .text *** removed ***
start ******** end ******** length     0 section .text *** removed ***
start ******** end ******** length     0 section .text *** removed ***
start ******** end ******** length     0 section .text *** removed ***
start ******** end ******** length     0 section .text *** removed ***
start ******** end ******** length     0 section .text *** removed ***
start ******** end ******** length     0 section .text *** removed ***
start ******** end ******** length     0 section .text *** removed ***
start ******** end ******** length     0 section .text *** removed ***
start ******** end ******** length     0 section .text *** removed ***
start ******** end ******** length     0 section .text *** removed ***

Debug\stm8l10x_tim3.o:
start 00008db5 end 0000c007 length 12882 section .debug
start 00000946 end 000009e4 length   158 section .info.
start ******** end ******** length     0 section .text *** removed ***
start ******** end ******** length     0 section .text *** removed ***
start ******** end ******** length     0 section .text *** removed ***
start ******** end ******** length     0 section .text *** removed ***
start ******** end ******** length     0 section .text *** removed ***
start ******** end ******** length     0 section .text *** removed ***
start ******** end ******** length     0 section .text *** removed ***
start ******** end ******** length     0 section .text *** removed ***
start ******** end ******** length     0 section .text *** removed ***
start ******** end ******** length     0 section .text *** removed ***
start ******** end ******** length     0 section .text *** removed ***
start ******** end ******** length     0 section .text *** removed ***
start ******** end ******** length     0 section .text *** removed ***
start ******** end ******** length     0 section .text *** removed ***
start ******** end ******** length     0 section .text *** removed ***
start ******** end ******** length     0 section .text *** removed ***
start ******** end ******** length     0 section .text *** removed ***
start ******** end ******** length     0 section .text *** removed ***
start ******** end ******** length     0 section .text *** removed ***
start ******** end ******** length     0 section .text *** removed ***
start ******** end ******** length     0 section .text *** removed ***
start ******** end ******** length     0 section .text *** removed ***
start ******** end ******** length     0 section .text *** removed ***
start ******** end ******** length     0 section .text *** removed ***
start ******** end ******** length     0 section .text *** removed ***
start ******** end ******** length     0 section .text *** removed ***
start ******** end ******** length     0 section .text *** removed ***
start ******** end ******** length     0 section .text *** removed ***
start ******** end ******** length     0 section .text *** removed ***
start ******** end ******** length     0 section .text *** removed ***
start ******** end ******** length     0 section .text *** removed ***
start ******** end ******** length     0 section .text *** removed ***
start ******** end ******** length     0 section .text *** removed ***
start ******** end ******** length     0 section .text *** removed ***
start ******** end ******** length     0 section .text *** removed ***
start ******** end ******** length     0 section .text *** removed ***
start ******** end ******** length     0 section .text *** removed ***
start ******** end ******** length     0 section .text *** removed ***
start ******** end ******** length     0 section .text *** removed ***
start ******** end ******** length     0 section .text *** removed ***
start ******** end ******** length     0 section .text *** removed ***
start ******** end ******** length     0 section .text *** removed ***
start ******** end ******** length     0 section .text *** removed ***
start ******** end ******** length     0 section .text *** removed ***
start ******** end ******** length     0 section .text *** removed ***
start ******** end ******** length     0 section .text *** removed ***
start ******** end ******** length     0 section .text *** removed ***
start ******** end ******** length     0 section .text *** removed ***
start ******** end ******** length     0 section .text *** removed ***
start ******** end ******** length     0 section .text *** removed ***
start ******** end ******** length     0 section .text *** removed ***
start ******** end ******** length     0 section .text *** removed ***
start ******** end ******** length     0 section .text *** removed ***
start ******** end ******** length     0 section .text *** removed ***
start ******** end ******** length     0 section .text *** removed ***

Debug\stm8l10x_tim4.o:
start 0000c007 end 0000d1ef length  4584 section .debug
start 000009e4 end 00000a82 length   158 section .info.
start ******** end ******** length     0 section .text *** removed ***
start 00008b7c end 00008b85 length     9 section .text
start 00008b85 end 00008b92 length    13 section .text
start 00008b92 end 00008ba8 length    22 section .text
start ******** end ******** length     0 section .text *** removed ***
start ******** end ******** length     0 section .text *** removed ***
start ******** end ******** length     0 section .text *** removed ***
start ******** end ******** length     0 section .text *** removed ***
start ******** end ******** length     0 section .text *** removed ***
start ******** end ******** length     0 section .text *** removed ***
start ******** end ******** length     0 section .text *** removed ***
start ******** end ******** length     0 section .text *** removed ***
start ******** end ******** length     0 section .text *** removed ***
start ******** end ******** length     0 section .text *** removed ***
start ******** end ******** length     0 section .text *** removed ***
start ******** end ******** length     0 section .text *** removed ***
start ******** end ******** length     0 section .text *** removed ***
start ******** end ******** length     0 section .text *** removed ***
start ******** end ******** length     0 section .text *** removed ***
start ******** end ******** length     0 section .text *** removed ***
start ******** end ******** length     0 section .text *** removed ***
start ******** end ******** length     0 section .text *** removed ***
start ******** end ******** length     0 section .text *** removed ***
start ******** end ******** length     0 section .text *** removed ***

(C:\Program Files (x86)\COSMIC\CXSTM8_32K\lib\libm0.sm8)imul.o:
start 00008ba8 end 00008bc9 length    33 section .text
start 00000a82 end 00000ab0 length    46 section .info.

(C:\Program Files (x86)\COSMIC\CXSTM8_32K\lib\libm0.sm8)llsh.o:
start ******** end ******** length     0 section .text *** removed ***
start 00000ab0 end 00000ade length    46 section .info.

(C:\Program Files (x86)\COSMIC\CXSTM8_32K\lib\libm0.sm8)lreg.o:
start ******** end ******** length     0 section .ubsct *** removed ***
start 00000ade end 00000b0c length    46 section .info.

(C:\Program Files (x86)\COSMIC\CXSTM8_32K\lib\libm0.sm8)ltor.o:
start ******** end ******** length     0 section .text *** removed ***
start 00000b0c end 00000b3a length    46 section .info.

(C:\Program Files (x86)\COSMIC\CXSTM8_32K\lib\libm0.sm8)ludiv.o:
start ******** end ******** length     0 section .text *** removed ***
start 00000b3a end 00000b69 length    47 section .info.

(C:\Program Files (x86)\COSMIC\CXSTM8_32K\lib\libm0.sm8)ldiv.o:
start ******** end ******** length     0 section .text *** removed ***
start 00000b69 end 00000b97 length    46 section .info.

(C:\Program Files (x86)\COSMIC\CXSTM8_32K\lib\libm0.sm8)lgneg.o:
start ******** end ******** length     0 section .text *** removed ***
start 00000b97 end 00000bc6 length    47 section .info.

(C:\Program Files (x86)\COSMIC\CXSTM8_32K\lib\libm0.sm8)lneg.o:
start ******** end ******** length     0 section .text *** removed ***
start 00000bc6 end 00000bf4 length    46 section .info.

(C:\Program Files (x86)\COSMIC\CXSTM8_32K\lib\libm0.sm8)rtol.o:
start ******** end ******** length     0 section .text *** removed ***
start 00000bf4 end 00000c22 length    46 section .info.

(C:\Program Files (x86)\COSMIC\CXSTM8_32K\lib\libm0.sm8)utolx.o:
start ******** end ******** length     0 section .text *** removed ***
start 00000c22 end 00000c51 length    47 section .info.

(C:\Program Files (x86)\COSMIC\CXSTM8_32K\lib\libm0.sm8)xreg.o:
start 0000003d end 00000040 length     3 section .ubsct
start 00000c51 end 00000c7f length    46 section .info.

(C:\Program Files (x86)\COSMIC\CXSTM8_32K\lib\libm0.sm8)yreg.o:
start 00000040 end 00000043 length     3 section .ubsct
start 00000c7f end 00000cad length    46 section .info.

Debug\stm8_interrupt_vector.o:
start 0000d1ef end 0000d315 length   294 section .debug
start 00000cad end 00000d53 length   166 section .info.
start 00008000 end 00008080 length   128 section .const


                             -----------
                             Stack usage
                             -----------

Debug\config.o:
_Config                                   8   (2)

Debug\errors.o:
_Errors_CheckError                        2   (2)
_Errors_Init                              3   (3)
_Errors_IsError                           3   (3)
_Errors_SetError                          3   (3)

Debug\main.o:
_Btn1_LongPress_Event                    11   (2)
_Btn1_ShortDoubleClickRelease_Event       2   (2)
_Btn1_ShortRelease_Event                  2   (2)
_Button_Press_Manager                    13   (2)
_Display_Remaining_Time                   5   (2)
_Error_Handler                            5   (2)
_Program_Timer_Value                      9   (4)
_Programming_Mode_Manager                 4   (2)
_Retrieve_Check_ROM_Timer_Val             9   (4)
_Task_1000ms                              2   (2)
_TimerSwitch_StateMachine                15   (2)
_main                                >   17   (2)

Debug\stm8l10x_clk.o:
_CLK_PeripheralClockConfig                4   (4)

Debug\stm8l10x_flash.o:
_FLASH_Lock                               2   (2)
_FLASH_ProgramByte                        5   (5)
_FLASH_Unlock                             3   (3)

Debug\stm8l10x_gpio.o:
_GPIO_Init                                6   (6)

Debug\stm8l10x_it.o:
f_AWU_IRQHandler                     >    6   (6)
f_COMP_IRQHandler                    >    6   (6)
f_EXTI0_IRQHandler                   >    6   (6)
f_EXTI1_IRQHandler                   >    6   (6)
f_EXTI2_IRQHandler                   >    6   (6)
f_EXTI3_IRQHandler                   >    6   (6)
f_EXTI4_IRQHandler                   >    6   (6)
f_EXTI5_IRQHandler                   >    6   (6)
f_EXTI6_IRQHandler                   >    6   (6)
f_EXTI7_IRQHandler                   >    6   (6)
f_EXTIB_IRQHandler                   >    6   (6)
f_EXTID_IRQHandler                   >    6   (6)
f_FLASH_IRQHandler                   >    6   (6)
f_I2C_IRQHandler                     >    6   (6)
f_NonHandledInterrupt                >    6   (6)
f_SPI_IRQHandler                     >    6   (6)
f_TIM2_CAP_IRQHandler                >    6   (6)
f_TIM2_UPD_OVF_TRG_BRK_IRQHandler    >    6   (6)
f_TIM3_CAP_IRQHandler                >    6   (6)
f_TIM3_UPD_OVF_TRG_BRK_IRQHandler    >    6   (6)
f_TIM4_UPD_OVF_IRQHandler            >    6   (6)
f_TRAP_IRQHandler                    >    6   (6)
f_USART_RX_IRQHandler                >    6   (6)
f_USART_TX_IRQHandler                >    6   (6)

Debug\stm8l10x_iwdg.o:
_IWDG_Enable                              2   (2)
_IWDG_ReloadCounter                       2   (2)
_IWDG_SetPrescaler                        2   (2)
_IWDG_SetReload                           2   (2)
_IWDG_WriteAccessCmd                      2   (2)

Debug\stm8l10x_rst.o:
_RST_ClearFlag                            2   (2)
_RST_GetFlagStatus                        2   (2)

Debug\stm8l10x_tim2.o:
_TIM2_Cmd                                 2   (2)
_TIM2_TimeBaseInit                        6   (6)

Debug\stm8l10x_tim4.o:
_TIM4_Cmd                                 2   (2)
_TIM4_ITConfig                            4   (4)
_TIM4_TimeBaseInit                        2   (2)

Debug\timeout.o:
_Timeout_IsTimeout1                       2   (2)
_Timeout_IsTimeout2                       2   (2)
_Timeout_IsTimeout3                       2   (2)
_Timeout_SetTimeout1                      2   (2)
_Timeout_SetTimeout2                      2   (2)
_Timeout_SetTimeout3                      2   (2)

Stack size: 23


                              ---------
                              Call tree
                              ---------
   1 > __stext: (0)

   2 > _main: (2)
   3      + _Config: (2)
   4      |    + _CLK_PeripheralClockConfig: (4)
   5      |    + _GPIO_Init: (6)
   6      |    + _TIM2_Cmd: (2)
   7      |    + _TIM2_TimeBaseInit: (6)
   8      |    + _TIM4_Cmd: (2)
   9      |    + _TIM4_ITConfig: (4)
  10      |    + _TIM4_TimeBaseInit: (2)
          | 
  11      + _Display_Remaining_Time: (2)
  12      |    + _Errors_CheckError: (2)
  13      |    + _Errors_IsError: (3)
  14      |    + _Timeout_IsTimeout2: (2)
  15      |    + _Timeout_SetTimeout2: (2)
          | 
  16      + _Error_Handler: (2)
  17      |    + _Errors_IsError --> 13
          | 
  18      + _Errors_Init: (3)
  19      + _IWDG_Enable: (2)
  20      + _IWDG_ReloadCounter: (2)
  21      + _IWDG_SetPrescaler: (2)
  22      + _IWDG_SetReload: (2)
  23      + _IWDG_WriteAccessCmd: (2)
  24      + _Programming_Mode_Manager: (2)
  25      |    + _Timeout_IsTimeout2 --> 14
  26      |    + _Timeout_SetTimeout2 --> 15
          | 
  27      + _RST_ClearFlag: (2)
  28      + _RST_GetFlagStatus: (2)
  29      + _Retrieve_Check_ROM_Timer_Val: (4)
  30      |    + _Errors_SetError: (3)
  31      |    + _FLASH_Lock: (2)
  32      |    + _FLASH_ProgramByte: (5)
  33      |    + _FLASH_Unlock: (3)
          | 
  34      + _Task_1000ms: (2)
  35      + _Timeout_IsTimeout2 --> 14
  36      + _Timeout_SetTimeout1: (2)
  37      + _Timeout_SetTimeout2 --> 15
  38      + _TimerSwitch_StateMachine: (2)
  39      |    + _Button_Press_Manager: (2)
  40      |    |    + _Btn1_LongPress_Event: (2)
  41      |    |    |    + _Errors_IsError --> 13
  42      |    |    |    + _Program_Timer_Value: (4)
  43      |    |    |    |    + _Errors_CheckError --> 12
  44      |    |    |    |    + _Errors_SetError --> 30
  45      |    |    |    |    + _FLASH_Lock --> 31
  46      |    |    |    |    + _FLASH_ProgramByte --> 32
  47      |    |    |    |    + _FLASH_Unlock --> 33
          |    |    |    | 
          |    |    | 
  48      |    |    + _Btn1_ShortDoubleClickRelease_Event: (2)
  49      |    |    + _Btn1_ShortRelease_Event: (2)
  50      |    |    + _Timeout_IsTimeout3: (2)
  51      |    |    + _Timeout_SetTimeout3: (2)
          |    | 
  52      |    + _Errors_CheckError --> 12
  53      |    + _Timeout_IsTimeout1: (2)
  54      |    + _Timeout_SetTimeout1 --> 36
          | 
       
  55 > f_AWU_IRQHandler: (6)

  56 > f_COMP_IRQHandler: (6)

  57 > f_EXTI0_IRQHandler: (6)

  58 > f_EXTI1_IRQHandler: (6)

  59 > f_EXTI2_IRQHandler: (6)

  60 > f_EXTI3_IRQHandler: (6)

  61 > f_EXTI4_IRQHandler: (6)

  62 > f_EXTI5_IRQHandler: (6)

  63 > f_EXTI6_IRQHandler: (6)

  64 > f_EXTI7_IRQHandler: (6)

  65 > f_EXTIB_IRQHandler: (6)

  66 > f_EXTID_IRQHandler: (6)

  67 > f_FLASH_IRQHandler: (6)

  68 > f_I2C_IRQHandler: (6)

  69 > f_NonHandledInterrupt: (6)

  70 > f_SPI_IRQHandler: (6)

  71 > f_TIM2_CAP_IRQHandler: (6)

  72 > f_TIM2_UPD_OVF_TRG_BRK_IRQHandler: (6)

  73 > f_TIM3_CAP_IRQHandler: (6)

  74 > f_TIM3_UPD_OVF_TRG_BRK_IRQHandler: (6)

  75 > f_TIM4_UPD_OVF_IRQHandler: (6)

  76 > f_TRAP_IRQHandler: (6)

  77 > f_USART_RX_IRQHandler: (6)

  78 > f_USART_TX_IRQHandler: (6)

  79   _Btn1_LongPress_Event --> 40

  80   _Btn1_ShortDoubleClickRelease_Event --> 48

  81   _Btn1_ShortRelease_Event --> 49

  82   _Button_Press_Manager --> 39

  83   _CLK_PeripheralClockConfig --> 4

  84   _Config --> 3

  85   _Display_Remaining_Time --> 11

  86   _Error_Handler --> 16

  87   _Errors_CheckError --> 12

  88   _Errors_Init --> 18

  89   _Errors_IsError --> 13

  90   _Errors_SetError --> 30

  91   _FLASH_Lock --> 31

  92   _FLASH_ProgramByte --> 32

  93   _FLASH_Unlock --> 33

  94   _GPIO_Init --> 5

  95   _IWDG_Enable --> 19

  96   _IWDG_ReloadCounter --> 20

  97   _IWDG_SetPrescaler --> 21

  98   _IWDG_SetReload --> 22

  99   _IWDG_WriteAccessCmd --> 23

 100   _Program_Timer_Value --> 42

 101   _Programming_Mode_Manager --> 24

 102   _RST_ClearFlag --> 27

 103   _RST_GetFlagStatus --> 28

 104   _Retrieve_Check_ROM_Timer_Val --> 29

 105   _TIM2_Cmd --> 6

 106   _TIM2_TimeBaseInit --> 7

 107   _TIM4_Cmd --> 8

 108   _TIM4_ITConfig --> 9

 109   _TIM4_TimeBaseInit --> 10

 110   _Task_1000ms --> 34

 111   _Timeout_IsTimeout1 --> 53

 112   _Timeout_IsTimeout2 --> 14

 113   _Timeout_IsTimeout3 --> 50

 114   _Timeout_SetTimeout1 --> 36

 115   _Timeout_SetTimeout2 --> 15

 116   _Timeout_SetTimeout3 --> 51

 117   _TimerSwitch_StateMachine --> 38



                               -------
                               Symbols
                               -------

_BTN1_DEB_STATE                       00000011   defined in Debug\stm8l10x_it.o section .bsct, initialized
                                                 used in Debug\main.o
_BTN1_DELAY_FLAG                      000044:1   defined in Debug\stm8l10x_it.o section .bit, initialized
_BTN1_press_timer                     00000013   defined in Debug\stm8l10x_it.o section .bsct, initialized
                                                 used in Debug\main.o
_Btn1_LongPress_Event                 00008601   defined in Debug\main.o section .text
_Btn1_ShortDoubleClickRelease_Event   0000866f   defined in Debug\main.o section .text
_Btn1_ShortRelease_Event              00008639   defined in Debug\main.o section .text
_Button_Press_Manager                 0000869e   defined in Debug\main.o section .text
_CLK_CCOCmd                           ********   *** removed from Debug\stm8l10x_clk.o ***
_CLK_CCOConfig                        ********   *** removed from Debug\stm8l10x_clk.o ***
_CLK_DeInit                           ********   *** removed from Debug\stm8l10x_clk.o ***
_CLK_GetClockFreq                     ********   *** removed from Debug\stm8l10x_clk.o ***
_CLK_MasterPrescalerConfig            ********   *** removed from Debug\stm8l10x_clk.o ***
_CLK_PeripheralClockConfig            00008a9d   defined in Debug\stm8l10x_clk.o section .text
                                                 used in Debug\config.o
_Config                               00008136   defined in Debug\config.o section .text
                                                 used in Debug\main.o
_Display_Remaining_Time               000082cd   defined in Debug\main.o section .text
_EXTI_ClearITPendingBit               ********   *** removed from Debug\stm8l10x_exti.o ***
_EXTI_DeInit                          ********   *** removed from Debug\stm8l10x_exti.o ***
_EXTI_GetHalfPortSelection            ********   *** removed from Debug\stm8l10x_exti.o ***
_EXTI_GetITStatus                     ********   *** removed from Debug\stm8l10x_exti.o ***
_EXTI_GetPinSensitivity               ********   *** removed from Debug\stm8l10x_exti.o ***
_EXTI_GetPortSensitivity              ********   *** removed from Debug\stm8l10x_exti.o ***
_EXTI_SetHalfPortSelection            ********   *** removed from Debug\stm8l10x_exti.o ***
_EXTI_SetPinSensitivity               ********   *** removed from Debug\stm8l10x_exti.o ***
_EXTI_SetPortSensitivity              ********   *** removed from Debug\stm8l10x_exti.o ***
_Error_Handler                        0000846a   defined in Debug\main.o section .text
_Errors_CheckError                    000081f8   defined in Debug\errors.o section .text
                                                 used in Debug\main.o
_Errors_Init                          000081bc   defined in Debug\errors.o section .text
                                                 used in Debug\main.o
_Errors_IsError                       000081fd   defined in Debug\errors.o section .text
                                                 used in Debug\main.o
_Errors_NumErrors                     ********   *** removed from Debug\errors.o ***
_Errors_ResetError                    ********   *** removed from Debug\errors.o ***
_Errors_SetError                      000081cf   defined in Debug\errors.o section .text
                                                 used in Debug\main.o
_FLAG_1000ms                          000044:0   defined in Debug\stm8l10x_it.o section .bit, initialized
                                                 used in Debug\main.o
_FLASH_DeInit                         ********   *** removed from Debug\stm8l10x_flash.o ***
_FLASH_EraseBlock                     ********   *** removed from Debug\stm8l10x_flash.o ***
_FLASH_EraseByte                      ********   *** removed from Debug\stm8l10x_flash.o ***
_FLASH_GetBootSize                    ********   *** removed from Debug\stm8l10x_flash.o ***
_FLASH_GetDataSize                    ********   *** removed from Debug\stm8l10x_flash.o ***
_FLASH_GetFlagStatus                  ********   *** removed from Debug\stm8l10x_flash.o ***
_FLASH_GetProgrammingTime             ********   *** removed from Debug\stm8l10x_flash.o ***
_FLASH_GetReadOutProtectionStatus     ********   *** removed from Debug\stm8l10x_flash.o ***
_FLASH_ITConfig                       ********   *** removed from Debug\stm8l10x_flash.o ***
_FLASH_Lock                           00008ad0   defined in Debug\stm8l10x_flash.o section .text
                                                 used in Debug\main.o
_FLASH_ProgramBlock                   ********   *** removed from Debug\stm8l10x_flash.o ***
_FLASH_ProgramByte                    00008ad7   defined in Debug\stm8l10x_flash.o section .text
                                                 used in Debug\main.o
_FLASH_ProgramWord                    ********   *** removed from Debug\stm8l10x_flash.o ***
_FLASH_ReadByte                       ********   *** removed from Debug\stm8l10x_flash.o ***
_FLASH_SetProgrammingTime             ********   *** removed from Debug\stm8l10x_flash.o ***
_FLASH_Unlock                         00008ab3   defined in Debug\stm8l10x_flash.o section .text
                                                 used in Debug\main.o
_FLASH_WaitForLastOperation           ********   *** removed from Debug\stm8l10x_flash.o ***
_GPIO_DeInit                          ********   *** removed from Debug\stm8l10x_gpio.o ***
_GPIO_ExternalPullUpConfig            ********   *** removed from Debug\stm8l10x_gpio.o ***
_GPIO_Init                            00008adf   defined in Debug\stm8l10x_gpio.o section .text
                                                 used in Debug\config.o
_GPIO_ReadInputData                   ********   *** removed from Debug\stm8l10x_gpio.o ***
_GPIO_ReadInputDataBit                ********   *** removed from Debug\stm8l10x_gpio.o ***
_GPIO_ReadOutputData                  ********   *** removed from Debug\stm8l10x_gpio.o ***
_GPIO_ReadOutputDataBit               ********   *** removed from Debug\stm8l10x_gpio.o ***
_GPIO_ResetBits                       ********   *** removed from Debug\stm8l10x_gpio.o ***
_GPIO_SetBits                         ********   *** removed from Debug\stm8l10x_gpio.o ***
_GPIO_ToggleBits                      ********   *** removed from Debug\stm8l10x_gpio.o ***
_GPIO_Write                           ********   *** removed from Debug\stm8l10x_gpio.o ***
_GPIO_WriteBit                        ********   *** removed from Debug\stm8l10x_gpio.o ***
_HSIDivFactor                         ********   *** removed from Debug\stm8l10x_clk.o ***
_ITC_DeInit                           ********   *** removed from Debug\stm8l10x_itc.o ***
_ITC_GetCPUCC                         ********   *** removed from Debug\stm8l10x_itc.o ***
_ITC_GetSoftIntStatus                 ********   *** removed from Debug\stm8l10x_itc.o ***
_ITC_GetSoftwarePriority              ********   *** removed from Debug\stm8l10x_itc.o ***
_ITC_SetSoftwarePriority              ********   *** removed from Debug\stm8l10x_itc.o ***
_IWDG_Enable                          00008b3e   defined in Debug\stm8l10x_iwdg.o section .text
                                                 used in Debug\main.o
_IWDG_ReloadCounter                   00008b39   defined in Debug\stm8l10x_iwdg.o section .text
                                                 used in Debug\main.o
_IWDG_SetPrescaler                    00008b31   defined in Debug\stm8l10x_iwdg.o section .text
                                                 used in Debug\main.o
_IWDG_SetReload                       00008b35   defined in Debug\stm8l10x_iwdg.o section .text
                                                 used in Debug\main.o
_IWDG_WriteAccessCmd                  00008b2d   defined in Debug\stm8l10x_iwdg.o section .text
                                                 used in Debug\main.o
_Program_Timer_Value                  0000871b   defined in Debug\main.o section .text
_Programming_Mode_Manager             000087b2   defined in Debug\main.o section .text
_RST_ClearFlag                        00008b4b   defined in Debug\stm8l10x_rst.o section .text
                                                 used in Debug\main.o
_RST_GPOutputEnable                   ********   *** removed from Debug\stm8l10x_rst.o ***
_RST_GetFlagStatus                    00008b43   defined in Debug\stm8l10x_rst.o section .text
                                                 used in Debug\main.o
_Retrieve_Check_ROM_Timer_Val         0000849a   defined in Debug\main.o section .text
_SPI_BiDirectionalLineConfig          ********   *** removed from Debug\stm8l10x_spi.o ***
_SPI_ClearFlag                        ********   *** removed from Debug\stm8l10x_spi.o ***
_SPI_ClearITPendingBit                ********   *** removed from Debug\stm8l10x_spi.o ***
_SPI_Cmd                              ********   *** removed from Debug\stm8l10x_spi.o ***
_SPI_DeInit                           ********   *** removed from Debug\stm8l10x_spi.o ***
_SPI_GetFlagStatus                    ********   *** removed from Debug\stm8l10x_spi.o ***
_SPI_GetITStatus                      ********   *** removed from Debug\stm8l10x_spi.o ***
_SPI_ITConfig                         ********   *** removed from Debug\stm8l10x_spi.o ***
_SPI_Init                             ********   *** removed from Debug\stm8l10x_spi.o ***
_SPI_NSSInternalSoftwareCmd           ********   *** removed from Debug\stm8l10x_spi.o ***
_SPI_ReceiveData                      ********   *** removed from Debug\stm8l10x_spi.o ***
_SPI_SendData                         ********   *** removed from Debug\stm8l10x_spi.o ***
_TIM2_ARRPreloadConfig                ********   *** removed from Debug\stm8l10x_tim2.o ***
_TIM2_BKRConfig                       ********   *** removed from Debug\stm8l10x_tim2.o ***
_TIM2_CCxCmd                          ********   *** removed from Debug\stm8l10x_tim2.o ***
_TIM2_ClearFlag                       ********   *** removed from Debug\stm8l10x_tim2.o ***
_TIM2_ClearITPendingBit               ********   *** removed from Debug\stm8l10x_tim2.o ***
_TIM2_Cmd                             00008b6f   defined in Debug\stm8l10x_tim2.o section .text
                                                 used in Debug\config.o
_TIM2_ComputeLsiClockFreq             ********   *** removed from Debug\stm8l10x_tim2.o ***
_TIM2_CounterModeConfig               ********   *** removed from Debug\stm8l10x_tim2.o ***
_TIM2_CtrlPWMOutputs                  ********   *** removed from Debug\stm8l10x_tim2.o ***
_TIM2_DeInit                          ********   *** removed from Debug\stm8l10x_tim2.o ***
_TIM2_ETRClockMode1Config             ********   *** removed from Debug\stm8l10x_tim2.o ***
_TIM2_ETRClockMode2Config             ********   *** removed from Debug\stm8l10x_tim2.o ***
_TIM2_ETRConfig                       ********   *** removed from Debug\stm8l10x_tim2.o ***
_TIM2_EncoderInterfaceConfig          ********   *** removed from Debug\stm8l10x_tim2.o ***
_TIM2_ForcedOC1Config                 ********   *** removed from Debug\stm8l10x_tim2.o ***
_TIM2_ForcedOC2Config                 ********   *** removed from Debug\stm8l10x_tim2.o ***
_TIM2_GenerateEvent                   ********   *** removed from Debug\stm8l10x_tim2.o ***
_TIM2_GetCapture1                     ********   *** removed from Debug\stm8l10x_tim2.o ***
_TIM2_GetCapture2                     ********   *** removed from Debug\stm8l10x_tim2.o ***
_TIM2_GetCounter                      ********   *** removed from Debug\stm8l10x_tim2.o ***
_TIM2_GetFlagStatus                   ********   *** removed from Debug\stm8l10x_tim2.o ***
_TIM2_GetITStatus                     ********   *** removed from Debug\stm8l10x_tim2.o ***
_TIM2_GetPrescaler                    ********   *** removed from Debug\stm8l10x_tim2.o ***
_TIM2_GetStatus                       ********   *** removed from Debug\stm8l10x_tim2.o ***
_TIM2_ICInit                          ********   *** removed from Debug\stm8l10x_tim2.o ***
_TIM2_ITConfig                        ********   *** removed from Debug\stm8l10x_tim2.o ***
_TIM2_InternalClockConfig             ********   *** removed from Debug\stm8l10x_tim2.o ***
_TIM2_OC1FastCmd                      ********   *** removed from Debug\stm8l10x_tim2.o ***
_TIM2_OC1Init                         ********   *** removed from Debug\stm8l10x_tim2.o ***
_TIM2_OC1PolarityConfig               ********   *** removed from Debug\stm8l10x_tim2.o ***
_TIM2_OC1PreloadConfig                ********   *** removed from Debug\stm8l10x_tim2.o ***
_TIM2_OC2FastCmd                      ********   *** removed from Debug\stm8l10x_tim2.o ***
_TIM2_OC2Init                         ********   *** removed from Debug\stm8l10x_tim2.o ***
_TIM2_OC2PolarityConfig               ********   *** removed from Debug\stm8l10x_tim2.o ***
_TIM2_OC2PreloadConfig                ********   *** removed from Debug\stm8l10x_tim2.o ***
_TIM2_PWMIConfig                      ********   *** removed from Debug\stm8l10x_tim2.o ***
_TIM2_PrescalerConfig                 ********   *** removed from Debug\stm8l10x_tim2.o ***
_TIM2_SelectHallSensor                ********   *** removed from Debug\stm8l10x_tim2.o ***
_TIM2_SelectInputTrigger              ********   *** removed from Debug\stm8l10x_tim2.o ***
_TIM2_SelectMasterSlaveMode           ********   *** removed from Debug\stm8l10x_tim2.o ***
_TIM2_SelectOCxM                      ********   *** removed from Debug\stm8l10x_tim2.o ***
_TIM2_SelectOnePulseMode              ********   *** removed from Debug\stm8l10x_tim2.o ***
_TIM2_SelectOutputTrigger             ********   *** removed from Debug\stm8l10x_tim2.o ***
_TIM2_SelectSlaveMode                 ********   *** removed from Debug\stm8l10x_tim2.o ***
_TIM2_SetAutoreload                   ********   *** removed from Debug\stm8l10x_tim2.o ***
_TIM2_SetCompare1                     ********   *** removed from Debug\stm8l10x_tim2.o ***
_TIM2_SetCompare2                     ********   *** removed from Debug\stm8l10x_tim2.o ***
_TIM2_SetCounter                      ********   *** removed from Debug\stm8l10x_tim2.o ***
_TIM2_SetIC1Prescaler                 ********   *** removed from Debug\stm8l10x_tim2.o ***
_TIM2_SetIC2Prescaler                 ********   *** removed from Debug\stm8l10x_tim2.o ***
_TIM2_TIxExternalClockConfig          ********   *** removed from Debug\stm8l10x_tim2.o ***
_TIM2_TimeBaseInit                    00008b4f   defined in Debug\stm8l10x_tim2.o section .text
                                                 used in Debug\config.o
_TIM2_UpdateDisableConfig             ********   *** removed from Debug\stm8l10x_tim2.o ***
_TIM2_UpdateRequestConfig             ********   *** removed from Debug\stm8l10x_tim2.o ***
_TIM3_ARRPreloadConfig                ********   *** removed from Debug\stm8l10x_tim3.o ***
_TIM3_BKRConfig                       ********   *** removed from Debug\stm8l10x_tim3.o ***
_TIM3_CCxCmd                          ********   *** removed from Debug\stm8l10x_tim3.o ***
_TIM3_ClearFlag                       ********   *** removed from Debug\stm8l10x_tim3.o ***
_TIM3_ClearITPendingBit               ********   *** removed from Debug\stm8l10x_tim3.o ***
_TIM3_Cmd                             ********   *** removed from Debug\stm8l10x_tim3.o ***
_TIM3_CounterModeConfig               ********   *** removed from Debug\stm8l10x_tim3.o ***
_TIM3_CtrlPWMOutputs                  ********   *** removed from Debug\stm8l10x_tim3.o ***
_TIM3_DeInit                          ********   *** removed from Debug\stm8l10x_tim3.o ***
_TIM3_ETRClockMode1Config             ********   *** removed from Debug\stm8l10x_tim3.o ***
_TIM3_ETRClockMode2Config             ********   *** removed from Debug\stm8l10x_tim3.o ***
_TIM3_ETRConfig                       ********   *** removed from Debug\stm8l10x_tim3.o ***
_TIM3_EncoderInterfaceConfig          ********   *** removed from Debug\stm8l10x_tim3.o ***
_TIM3_ForcedOC1Config                 ********   *** removed from Debug\stm8l10x_tim3.o ***
_TIM3_ForcedOC2Config                 ********   *** removed from Debug\stm8l10x_tim3.o ***
_TIM3_GenerateEvent                   ********   *** removed from Debug\stm8l10x_tim3.o ***
_TIM3_GetCapture1                     ********   *** removed from Debug\stm8l10x_tim3.o ***
_TIM3_GetCapture2                     ********   *** removed from Debug\stm8l10x_tim3.o ***
_TIM3_GetCounter                      ********   *** removed from Debug\stm8l10x_tim3.o ***
_TIM3_GetFlagStatus                   ********   *** removed from Debug\stm8l10x_tim3.o ***
_TIM3_GetITStatus                     ********   *** removed from Debug\stm8l10x_tim3.o ***
_TIM3_GetPrescaler                    ********   *** removed from Debug\stm8l10x_tim3.o ***
_TIM3_GetStatus                       ********   *** removed from Debug\stm8l10x_tim3.o ***
_TIM3_ICInit                          ********   *** removed from Debug\stm8l10x_tim3.o ***
_TIM3_ITConfig                        ********   *** removed from Debug\stm8l10x_tim3.o ***
_TIM3_InternalClockConfig             ********   *** removed from Debug\stm8l10x_tim3.o ***
_TIM3_OC1FastCmd                      ********   *** removed from Debug\stm8l10x_tim3.o ***
_TIM3_OC1Init                         ********   *** removed from Debug\stm8l10x_tim3.o ***
_TIM3_OC1PolarityConfig               ********   *** removed from Debug\stm8l10x_tim3.o ***
_TIM3_OC1PreloadConfig                ********   *** removed from Debug\stm8l10x_tim3.o ***
_TIM3_OC2FastCmd                      ********   *** removed from Debug\stm8l10x_tim3.o ***
_TIM3_OC2Init                         ********   *** removed from Debug\stm8l10x_tim3.o ***
_TIM3_OC2PolarityConfig               ********   *** removed from Debug\stm8l10x_tim3.o ***
_TIM3_OC2PreloadConfig                ********   *** removed from Debug\stm8l10x_tim3.o ***
_TIM3_PWMIConfig                      ********   *** removed from Debug\stm8l10x_tim3.o ***
_TIM3_PrescalerConfig                 ********   *** removed from Debug\stm8l10x_tim3.o ***
_TIM3_SelectHallSensor                ********   *** removed from Debug\stm8l10x_tim3.o ***
_TIM3_SelectInputTrigger              ********   *** removed from Debug\stm8l10x_tim3.o ***
_TIM3_SelectMasterSlaveMode           ********   *** removed from Debug\stm8l10x_tim3.o ***
_TIM3_SelectOCxM                      ********   *** removed from Debug\stm8l10x_tim3.o ***
_TIM3_SelectOnePulseMode              ********   *** removed from Debug\stm8l10x_tim3.o ***
_TIM3_SelectOutputTrigger             ********   *** removed from Debug\stm8l10x_tim3.o ***
_TIM3_SelectSlaveMode                 ********   *** removed from Debug\stm8l10x_tim3.o ***
_TIM3_SetAutoreload                   ********   *** removed from Debug\stm8l10x_tim3.o ***
_TIM3_SetCompare1                     ********   *** removed from Debug\stm8l10x_tim3.o ***
_TIM3_SetCompare2                     ********   *** removed from Debug\stm8l10x_tim3.o ***
_TIM3_SetCounter                      ********   *** removed from Debug\stm8l10x_tim3.o ***
_TIM3_SetIC1Prescaler                 ********   *** removed from Debug\stm8l10x_tim3.o ***
_TIM3_SetIC2Prescaler                 ********   *** removed from Debug\stm8l10x_tim3.o ***
_TIM3_TIxExternalClockConfig          ********   *** removed from Debug\stm8l10x_tim3.o ***
_TIM3_TimeBaseInit                    ********   *** removed from Debug\stm8l10x_tim3.o ***
_TIM3_UpdateDisableConfig             ********   *** removed from Debug\stm8l10x_tim3.o ***
_TIM3_UpdateRequestConfig             ********   *** removed from Debug\stm8l10x_tim3.o ***
_TIM4_ARRPreloadConfig                ********   *** removed from Debug\stm8l10x_tim4.o ***
_TIM4_ClearFlag                       ********   *** removed from Debug\stm8l10x_tim4.o ***
_TIM4_ClearITPendingBit               ********   *** removed from Debug\stm8l10x_tim4.o ***
_TIM4_Cmd                             00008b85   defined in Debug\stm8l10x_tim4.o section .text
                                                 used in Debug\config.o
_TIM4_DeInit                          ********   *** removed from Debug\stm8l10x_tim4.o ***
_TIM4_GenerateEvent                   ********   *** removed from Debug\stm8l10x_tim4.o ***
_TIM4_GetCounter                      ********   *** removed from Debug\stm8l10x_tim4.o ***
_TIM4_GetFlagStatus                   ********   *** removed from Debug\stm8l10x_tim4.o ***
_TIM4_GetITStatus                     ********   *** removed from Debug\stm8l10x_tim4.o ***
_TIM4_GetPrescaler                    ********   *** removed from Debug\stm8l10x_tim4.o ***
_TIM4_GetStatus                       ********   *** removed from Debug\stm8l10x_tim4.o ***
_TIM4_ITConfig                        00008b92   defined in Debug\stm8l10x_tim4.o section .text
                                                 used in Debug\config.o
_TIM4_InternalClockConfig             ********   *** removed from Debug\stm8l10x_tim4.o ***
_TIM4_PrescalerConfig                 ********   *** removed from Debug\stm8l10x_tim4.o ***
_TIM4_SelectInputTrigger              ********   *** removed from Debug\stm8l10x_tim4.o ***
_TIM4_SelectMasterSlaveMode           ********   *** removed from Debug\stm8l10x_tim4.o ***
_TIM4_SelectOnePulseMode              ********   *** removed from Debug\stm8l10x_tim4.o ***
_TIM4_SelectOutputTrigger             ********   *** removed from Debug\stm8l10x_tim4.o ***
_TIM4_SelectSlaveMode                 ********   *** removed from Debug\stm8l10x_tim4.o ***
_TIM4_SetAutoreload                   ********   *** removed from Debug\stm8l10x_tim4.o ***
_TIM4_SetCounter                      ********   *** removed from Debug\stm8l10x_tim4.o ***
_TIM4_TimeBaseInit                    00008b7c   defined in Debug\stm8l10x_tim4.o section .text
                                                 used in Debug\config.o
_TIM4_UpdateDisableConfig             ********   *** removed from Debug\stm8l10x_tim4.o ***
_TIM4_UpdateRequestConfig             ********   *** removed from Debug\stm8l10x_tim4.o ***
_Task_1000ms                          00008541   defined in Debug\main.o section .text
_Timeout_GetTimeout1                  ********   *** removed from Debug\timeout.o ***
_Timeout_GetTimeout2                  ********   *** removed from Debug\timeout.o ***
_Timeout_GetTimeout3                  ********   *** removed from Debug\timeout.o ***
_Timeout_IsTimeout1                   00008a6b   defined in Debug\timeout.o section .text
                                                 used in Debug\main.o
_Timeout_IsTimeout2                   00008a7f   defined in Debug\timeout.o section .text
                                                 used in Debug\main.o
_Timeout_IsTimeout3                   00008a93   defined in Debug\timeout.o section .text
                                                 used in Debug\main.o
_Timeout_SetTimeout1                  00008a61   defined in Debug\timeout.o section .text
                                                 used in Debug\main.o
_Timeout_SetTimeout2                  00008a75   defined in Debug\timeout.o section .text
                                                 used in Debug\main.o
_Timeout_SetTimeout3                  00008a89   defined in Debug\timeout.o section .text
                                                 used in Debug\main.o
_Timeout_istout1                      000044:6   defined in Debug\timeout.o section .bit, initialized
                                                 used in Debug\stm8l10x_it.o
_Timeout_istout2                      000044:7   defined in Debug\timeout.o section .bit, initialized
                                                 used in Debug\stm8l10x_it.o
_Timeout_istout3                      000045:0   defined in Debug\timeout.o section .bit, initialized
                                                 used in Debug\stm8l10x_it.o
_Timeout_tout1                        00000023   defined in Debug\timeout.o section .bsct, initialized
                                                 used in Debug\stm8l10x_it.o
_Timeout_tout2                        00000025   defined in Debug\timeout.o section .bsct, initialized
                                                 used in Debug\stm8l10x_it.o
_Timeout_tout3                        00000027   defined in Debug\timeout.o section .bsct, initialized
                                                 used in Debug\stm8l10x_it.o
_Timeout_toutcnt1                     0000001d   defined in Debug\timeout.o section .bsct, initialized
                                                 used in Debug\stm8l10x_it.o
_Timeout_toutcnt2                     0000001f   defined in Debug\timeout.o section .bsct, initialized
                                                 used in Debug\stm8l10x_it.o
_Timeout_toutcnt3                     00000021   defined in Debug\timeout.o section .bsct, initialized
                                                 used in Debug\stm8l10x_it.o
_TimerSwitch_StateMachine             00008557   defined in Debug\main.o section .text
__endmem                              000003fe   defined in command file
                                                 *** not used ***
__endzp                               00000043   defined in command file section .ubsct
                                                 used in C:\Program Files (x86)\COSMIC\CXSTM8_32K\lib\crtsi0.sm8
__idesc__                             000080ad   defined in linker section .init
                                                 used in C:\Program Files (x86)\COSMIC\CXSTM8_32K\lib\crtsi0.sm8
__memory                              00000100   defined in command file section .bss
                                                 used in C:\Program Files (x86)\COSMIC\CXSTM8_32K\lib\crtsi0.sm8
__stack                               000005ff   defined in command file
                                                 used in C:\Program Files (x86)\COSMIC\CXSTM8_32K\lib\crtsi0.sm8
__startmem                            00000100   defined in command file section .bss
                                                 *** not used ***
__stext                               000080e6   defined in C:\Program Files (x86)\COSMIC\CXSTM8_32K\lib\crtsi0.sm8 section .text
                                                 used in Debug\stm8_interrupt_vector.o
__vectab                              00008000   defined in Debug\stm8_interrupt_vector.o section .const
_assert_failed                        ********   *** removed from Debug\main.o ***
_blink_greenLED_times                 0000001c   defined in Debug\stm8l10x_it.o section .bsct, initialized
                                                 used in Debug\main.o
_blink_redLED_times                   0000001b   defined in Debug\stm8l10x_it.o section .bsct, initialized
                                                 used in Debug\main.o
_btn1_0_cnt                           0000000f   defined in Debug\stm8l10x_it.o section .bsct, initialized
_btn1_1_cnt                           00000010   defined in Debug\stm8l10x_it.o section .bsct, initialized
_btn1_delay_cnt                       00000012   defined in Debug\stm8l10x_it.o section .bsct, initialized
_cnt_blink_greenLED                   0000001a   defined in Debug\stm8l10x_it.o section .bsct, initialized
_cnt_blink_redLED                     00000019   defined in Debug\stm8l10x_it.o section .bsct, initialized
_cnt_flag_1000ms                      0000000d   defined in Debug\stm8l10x_it.o section .bsct, initialized
_cnt_state_greenLED                   00000017   defined in Debug\stm8l10x_it.o section .bsct, initialized
                                                 used in Debug\main.o
_cnt_state_redLED                     00000015   defined in Debug\stm8l10x_it.o section .bsct, initialized
                                                 used in Debug\main.o
_exit                                 00008134   defined in C:\Program Files (x86)\COSMIC\CXSTM8_32K\lib\crtsi0.sm8 section .text
_flag_blink_greenLED                  000044:4   defined in Debug\stm8l10x_it.o section .bit, initialized
                                                 used in Debug\main.o
_flag_blink_on_off                    000044:2   defined in Debug\stm8l10x_it.o section .bit, initialized
                                                 used in Debug\main.o
_flag_blink_redLED                    000044:3   defined in Debug\stm8l10x_it.o section .bit, initialized
                                                 used in Debug\main.o
_flag_blink_unlimited                 000044:5   defined in Debug\stm8l10x_it.o section .bit, initialized
                                                 used in Debug\main.o
_main                                 00008214   defined in Debug\main.o section .text
                                                 used in C:\Program Files (x86)\COSMIC\CXSTM8_32K\lib\crtsi0.sm8
_runtime_it_1ms                       0000002b   defined in Debug\main.o section .ubsct
                                                 used in Debug\stm8l10x_it.o
_tmp                                  00000037   defined in Debug\rtms.o section .ubsct
                                                 used in Debug\stm8l10x_it.o
_tmph                                 0000003b   defined in Debug\rtms.o section .ubsct
                                                 used in Debug\stm8l10x_it.o
_tmpl                                 00000039   defined in Debug\rtms.o section .ubsct
                                                 used in Debug\stm8l10x_it.o
c_divsl                               ********   *** removed from (C:\Program Files (x86)\COSMIC\CXSTM8_32K\lib\libm0.sm8)ldiv.o ***
c_divul                               ********   *** removed from (C:\Program Files (x86)\COSMIC\CXSTM8_32K\lib\libm0.sm8)ldiv.o ***
c_imul                                00008ba8   defined in (C:\Program Files (x86)\COSMIC\CXSTM8_32K\lib\libm0.sm8)imul.o section .text
                                                 used in Debug\main.o
c_lgneg                               ********   *** removed from (C:\Program Files (x86)\COSMIC\CXSTM8_32K\lib\libm0.sm8)lgneg.o ***
c_llsh                                ********   *** removed from (C:\Program Files (x86)\COSMIC\CXSTM8_32K\lib\libm0.sm8)llsh.o ***
c_lneg                                ********   *** removed from (C:\Program Files (x86)\COSMIC\CXSTM8_32K\lib\libm0.sm8)lneg.o ***
c_lreg                                ********   *** removed from (C:\Program Files (x86)\COSMIC\CXSTM8_32K\lib\libm0.sm8)lreg.o ***
c_ltor                                ********   *** removed from (C:\Program Files (x86)\COSMIC\CXSTM8_32K\lib\libm0.sm8)ltor.o ***
c_ludv                                ********   *** removed from (C:\Program Files (x86)\COSMIC\CXSTM8_32K\lib\libm0.sm8)ludiv.o ***
c_rtol                                ********   *** removed from (C:\Program Files (x86)\COSMIC\CXSTM8_32K\lib\libm0.sm8)rtol.o ***
c_uitolx                              ********   *** removed from (C:\Program Files (x86)\COSMIC\CXSTM8_32K\lib\libm0.sm8)utolx.o ***
c_x                                   0000003d   defined in (C:\Program Files (x86)\COSMIC\CXSTM8_32K\lib\libm0.sm8)xreg.o section .ubsct
                                                 used in C:\Program Files (x86)\COSMIC\CXSTM8_32K\lib\crtsi0.sm8
                                                         (C:\Program Files (x86)\COSMIC\CXSTM8_32K\lib\libm0.sm8)imul.o
                                                         (C:\Program Files (x86)\COSMIC\CXSTM8_32K\lib\libm0.sm8)ldiv.o
c_y                                   00000040   defined in (C:\Program Files (x86)\COSMIC\CXSTM8_32K\lib\libm0.sm8)yreg.o section .ubsct
                                                 used in C:\Program Files (x86)\COSMIC\CXSTM8_32K\lib\crtsi0.sm8
f_AWU_IRQHandler                      00008a50   defined in Debug\stm8l10x_it.o section .text
                                                 used in Debug\stm8_interrupt_vector.o
f_COMP_IRQHandler                     00008a5b   defined in Debug\stm8l10x_it.o section .text
                                                 used in Debug\stm8_interrupt_vector.o
f_EXTI0_IRQHandler                    00008a53   defined in Debug\stm8l10x_it.o section .text
                                                 used in Debug\stm8_interrupt_vector.o
f_EXTI1_IRQHandler                    00008a54   defined in Debug\stm8l10x_it.o section .text
                                                 used in Debug\stm8_interrupt_vector.o
f_EXTI2_IRQHandler                    00008a55   defined in Debug\stm8l10x_it.o section .text
                                                 used in Debug\stm8_interrupt_vector.o
f_EXTI3_IRQHandler                    00008a56   defined in Debug\stm8l10x_it.o section .text
                                                 used in Debug\stm8_interrupt_vector.o
f_EXTI4_IRQHandler                    00008a57   defined in Debug\stm8l10x_it.o section .text
                                                 used in Debug\stm8_interrupt_vector.o
f_EXTI5_IRQHandler                    00008a58   defined in Debug\stm8l10x_it.o section .text
                                                 used in Debug\stm8_interrupt_vector.o
f_EXTI6_IRQHandler                    00008a59   defined in Debug\stm8l10x_it.o section .text
                                                 used in Debug\stm8_interrupt_vector.o
f_EXTI7_IRQHandler                    00008a5a   defined in Debug\stm8l10x_it.o section .text
                                                 used in Debug\stm8_interrupt_vector.o
f_EXTIB_IRQHandler                    00008a51   defined in Debug\stm8l10x_it.o section .text
                                                 used in Debug\stm8_interrupt_vector.o
f_EXTID_IRQHandler                    00008a52   defined in Debug\stm8l10x_it.o section .text
                                                 used in Debug\stm8_interrupt_vector.o
f_FLASH_IRQHandler                    00008a4f   defined in Debug\stm8l10x_it.o section .text
                                                 used in Debug\stm8_interrupt_vector.o
f_I2C_IRQHandler                      00008a60   defined in Debug\stm8l10x_it.o section .text
                                                 used in Debug\stm8_interrupt_vector.o
f_NonHandledInterrupt                 00008895   defined in Debug\stm8l10x_it.o section .text
                                                 used in Debug\stm8_interrupt_vector.o
f_SPI_IRQHandler                      00008a5d   defined in Debug\stm8l10x_it.o section .text
                                                 used in Debug\stm8_interrupt_vector.o
f_TIM2_CAP_IRQHandler                 00008a5c   defined in Debug\stm8l10x_it.o section .text
                                                 used in Debug\stm8_interrupt_vector.o
f_TIM2_UPD_OVF_TRG_BRK_IRQHandler     00008a4c   defined in Debug\stm8l10x_it.o section .text
                                                 used in Debug\stm8_interrupt_vector.o
f_TIM3_CAP_IRQHandler                 00008896   defined in Debug\stm8l10x_it.o section .text
                                                 used in Debug\stm8_interrupt_vector.o
f_TIM3_UPD_OVF_TRG_BRK_IRQHandler     00008a4d   defined in Debug\stm8l10x_it.o section .text
                                                 used in Debug\stm8_interrupt_vector.o
f_TIM4_UPD_OVF_IRQHandler             00008898   defined in Debug\stm8l10x_it.o section .text
                                                 used in Debug\stm8_interrupt_vector.o
f_TRAP_IRQHandler                     00008a4e   defined in Debug\stm8l10x_it.o section .text
                                                 used in Debug\stm8_interrupt_vector.o
f_USART_RX_IRQHandler                 00008a5f   defined in Debug\stm8l10x_it.o section .text
                                                 used in Debug\stm8_interrupt_vector.o
f_USART_TX_IRQHandler                 00008a5e   defined in Debug\stm8l10x_it.o section .text
                                                 used in Debug\stm8_interrupt_vector.o
